<area shape="rect" href="$_a_a_b_b_linked_list_8cpp.html" title="C:/Users/Kat/Documents/PROJECTS/ICT290/2015shayLearyALL/CAMPUS_TOUR/AABBLinkedList.cpp" alt="" coords="245,80,869,107">
<area shape="rect" href="$collision_8h.html" title="C:/Users/Kat/Documents/PROJECTS/ICT290/2015shayLearyALL/CAMPUS_TOUR/collision.h" alt="" coords="893,80,1453,107">
<area shape="rect" href="$camera_8h.html" title="C:/Users/Kat/Documents/PROJECTS/ICT290/2015shayLearyALL/CAMPUS_TOUR/camera.h" alt="" coords="599,155,1156,181">
<area shape="rect" href="$collision_8cpp.html" title="C:/Users/Kat/Documents/PROJECTS/ICT290/2015shayLearyALL/CAMPUS_TOUR/collision.cpp" alt="" coords="1180,155,1756,181">
<area shape="rect" href="$camera_8cpp.html" title="C:/Users/Kat/Documents/PROJECTS/ICT290/2015shayLearyALL/CAMPUS_TOUR/camera.cpp" alt="" coords="5,229,576,256">
<area shape="rect" href="$main_8cpp.html" title="C:/Users/Kat/Documents/PROJECTS/ICT290/2015shayLearyALL/CAMPUS_TOUR/main.cpp" alt="" coords="600,229,1155,256">
<area shape="rect" href="$main1_8cpp.html" title="C:/Users/Kat/Documents/PROJECTS/ICT290/2015shayLearyALL/CAMPUS_TOUR/main1.cpp" alt="" coords="1179,229,1741,256">
