<area shape="rect" href="$_a_a_b_b_linked_list_8h.html" title="C:/Users/Kat/Documents/PROJECTS/ICT290/2015shayLearyALL/CAMPUS_TOUR/AABBLinkedList.h" alt="" coords="561,80,1169,107">
<area shape="rect" href="$_a_a_b_b_node_8cpp.html" title="C:/Users/Kat/Documents/PROJECTS/ICT290/2015shayLearyALL/CAMPUS_TOUR/AABBNode.cpp" alt="" coords="1193,80,1788,107">
<area shape="rect" href="$_a_a_b_b_linked_list_8cpp.html" title="C:/Users/Kat/Documents/PROJECTS/ICT290/2015shayLearyALL/CAMPUS_TOUR/AABBLinkedList.cpp" alt="" coords="245,155,869,181">
<area shape="rect" href="$collision_8h.html" title="C:/Users/Kat/Documents/PROJECTS/ICT290/2015shayLearyALL/CAMPUS_TOUR/collision.h" alt="" coords="893,155,1453,181">
<area shape="rect" href="$camera_8h.html" title="C:/Users/Kat/Documents/PROJECTS/ICT290/2015shayLearyALL/CAMPUS_TOUR/camera.h" alt="" coords="599,229,1156,256">
<area shape="rect" href="$collision_8cpp.html" title="C:/Users/Kat/Documents/PROJECTS/ICT290/2015shayLearyALL/CAMPUS_TOUR/collision.cpp" alt="" coords="1180,229,1756,256">
<area shape="rect" href="$camera_8cpp.html" title="C:/Users/Kat/Documents/PROJECTS/ICT290/2015shayLearyALL/CAMPUS_TOUR/camera.cpp" alt="" coords="5,304,576,331">
<area shape="rect" href="$main_8cpp.html" title="C:/Users/Kat/Documents/PROJECTS/ICT290/2015shayLearyALL/CAMPUS_TOUR/main.cpp" alt="" coords="600,304,1155,331">
<area shape="rect" href="$main1_8cpp.html" title="C:/Users/Kat/Documents/PROJECTS/ICT290/2015shayLearyALL/CAMPUS_TOUR/main1.cpp" alt="" coords="1179,304,1741,331">
