<area shape="rect" href="$_easy_sound_8h.html" title="C:/Users/Kat/Documents/PROJECTS/ICT290/2015shayLearyALL/CAMPUS_TOUR/EasySound.h" alt="" coords="2467,80,3048,107">
<area shape="rect" href="$_sound_8cpp.html" title="C:/Users/Kat/Documents/PROJECTS/ICT290/2015shayLearyALL/CAMPUS_TOUR/Sound.cpp" alt="" coords="3687,155,4252,181">
<area shape="rect" href="$camera_8h.html" title="C:/Users/Kat/Documents/PROJECTS/ICT290/2015shayLearyALL/CAMPUS_TOUR/camera.h" alt="" coords="3659,229,4216,256">
<area shape="rect" href="$_easy_sound_8cpp.html" title="C:/Users/Kat/Documents/PROJECTS/ICT290/2015shayLearyALL/CAMPUS_TOUR/EasySound.cpp" alt="" coords="1863,155,2457,181">
<area shape="rect" href="$ui_h_u_d_8h.html" title="C:/Users/Kat/Documents/PROJECTS/ICT290/2015shayLearyALL/CAMPUS_TOUR/uiHUD.h" alt="" coords="2481,155,3033,181">
<area shape="rect" href="$ui_menu_8h.html" title="C:/Users/Kat/Documents/PROJECTS/ICT290/2015shayLearyALL/CAMPUS_TOUR/uiMenu.h" alt="" coords="3057,155,3612,181">
<area shape="rect" href="$ui_options_8h.html" title="C:/Users/Kat/Documents/PROJECTS/ICT290/2015shayLearyALL/CAMPUS_TOUR/uiOptions.h" alt="" coords="68,155,636,181">
<area shape="rect" href="$ui_leader_board_8h.html" title="C:/Users/Kat/Documents/PROJECTS/ICT290/2015shayLearyALL/CAMPUS_TOUR/uiLeaderBoard.h" alt="" coords="660,155,1257,181">
<area shape="rect" href="$ui_score_8h.html" title="C:/Users/Kat/Documents/PROJECTS/ICT290/2015shayLearyALL/CAMPUS_TOUR/uiScore.h" alt="" coords="1281,155,1839,181">
<area shape="rect" href="$camera_8cpp.html" title="C:/Users/Kat/Documents/PROJECTS/ICT290/2015shayLearyALL/CAMPUS_TOUR/camera.cpp" alt="" coords="3652,304,4223,331">
<area shape="rect" href="$main_8cpp.html" title="C:/Users/Kat/Documents/PROJECTS/ICT290/2015shayLearyALL/CAMPUS_TOUR/main.cpp" alt="" coords="2923,304,3477,331">
<area shape="rect" href="$main1_8cpp.html" title="C:/Users/Kat/Documents/PROJECTS/ICT290/2015shayLearyALL/CAMPUS_TOUR/main1.cpp" alt="" coords="2036,304,2599,331">
<area shape="rect" href="$ui_mouse_handler_8h.html" title="C:/Users/Kat/Documents/PROJECTS/ICT290/2015shayLearyALL/CAMPUS_TOUR/uiMouseHandler.h" alt="" coords="1248,229,1856,256">
<area shape="rect" href="$ui_h_u_d_8cpp.html" title="C:/Users/Kat/Documents/PROJECTS/ICT290/2015shayLearyALL/CAMPUS_TOUR/uiHUD.cpp" alt="" coords="2475,229,3040,256">
<area shape="rect" href="$ui_mouse_handler_8cpp.html" title="C:/Users/Kat/Documents/PROJECTS/ICT290/2015shayLearyALL/CAMPUS_TOUR/uiMouseHandler.cpp" alt="" coords="1241,304,1863,331">
<area shape="rect" href="$ui_menu_8cpp.html" title="C:/Users/Kat/Documents/PROJECTS/ICT290/2015shayLearyALL/CAMPUS_TOUR/uiMenu.cpp" alt="" coords="3064,229,3635,256">
<area shape="rect" href="$ui_options_8cpp.html" title="C:/Users/Kat/Documents/PROJECTS/ICT290/2015shayLearyALL/CAMPUS_TOUR/uiOptions.cpp" alt="" coords="5,229,589,256">
<area shape="rect" href="$ui_leader_board_8cpp.html" title="C:/Users/Kat/Documents/PROJECTS/ICT290/2015shayLearyALL/CAMPUS_TOUR/uiLeaderBoard.cpp" alt="" coords="613,229,1224,256">
<area shape="rect" href="$ui_score_8cpp.html" title="C:/Users/Kat/Documents/PROJECTS/ICT290/2015shayLearyALL/CAMPUS_TOUR/uiScore.cpp" alt="" coords="1880,229,2451,256">
