<area shape="rect" href="$_sound_8h.html" title="C:/Users/Kat/Documents/PROJECTS/ICT290/2015shayLearyALL/CAMPUS_TOUR/Sound.h" alt="" coords="2795,80,3347,107">
<area shape="rect" href="$_easy_sound_8h.html" title="C:/Users/Kat/Documents/PROJECTS/ICT290/2015shayLearyALL/CAMPUS_TOUR/EasySound.h" alt="" coords="2467,155,3048,181">
<area shape="rect" href="$_sound_time_8cpp.html" title="C:/Users/Kat/Documents/PROJECTS/ICT290/2015shayLearyALL/CAMPUS_TOUR/SoundTime.cpp" alt="" coords="3371,80,3963,107">
<area shape="rect" href="$_sound_8cpp.html" title="C:/Users/Kat/Documents/PROJECTS/ICT290/2015shayLearyALL/CAMPUS_TOUR/Sound.cpp" alt="" coords="3687,229,4252,256">
<area shape="rect" href="$camera_8h.html" title="C:/Users/Kat/Documents/PROJECTS/ICT290/2015shayLearyALL/CAMPUS_TOUR/camera.h" alt="" coords="3659,304,4216,331">
<area shape="rect" href="$_easy_sound_8cpp.html" title="C:/Users/Kat/Documents/PROJECTS/ICT290/2015shayLearyALL/CAMPUS_TOUR/EasySound.cpp" alt="" coords="1863,229,2457,256">
<area shape="rect" href="$ui_h_u_d_8h.html" title="C:/Users/Kat/Documents/PROJECTS/ICT290/2015shayLearyALL/CAMPUS_TOUR/uiHUD.h" alt="" coords="2481,229,3033,256">
<area shape="rect" href="$ui_menu_8h.html" title="C:/Users/Kat/Documents/PROJECTS/ICT290/2015shayLearyALL/CAMPUS_TOUR/uiMenu.h" alt="" coords="3057,229,3612,256">
<area shape="rect" href="$ui_options_8h.html" title="C:/Users/Kat/Documents/PROJECTS/ICT290/2015shayLearyALL/CAMPUS_TOUR/uiOptions.h" alt="" coords="68,229,636,256">
<area shape="rect" href="$ui_leader_board_8h.html" title="C:/Users/Kat/Documents/PROJECTS/ICT290/2015shayLearyALL/CAMPUS_TOUR/uiLeaderBoard.h" alt="" coords="660,229,1257,256">
<area shape="rect" href="$ui_score_8h.html" title="C:/Users/Kat/Documents/PROJECTS/ICT290/2015shayLearyALL/CAMPUS_TOUR/uiScore.h" alt="" coords="1281,229,1839,256">
<area shape="rect" href="$camera_8cpp.html" title="C:/Users/Kat/Documents/PROJECTS/ICT290/2015shayLearyALL/CAMPUS_TOUR/camera.cpp" alt="" coords="3652,379,4223,405">
<area shape="rect" href="$main_8cpp.html" title="C:/Users/Kat/Documents/PROJECTS/ICT290/2015shayLearyALL/CAMPUS_TOUR/main.cpp" alt="" coords="2923,379,3477,405">
<area shape="rect" href="$main1_8cpp.html" title="C:/Users/Kat/Documents/PROJECTS/ICT290/2015shayLearyALL/CAMPUS_TOUR/main1.cpp" alt="" coords="2036,379,2599,405">
<area shape="rect" href="$ui_mouse_handler_8h.html" title="C:/Users/Kat/Documents/PROJECTS/ICT290/2015shayLearyALL/CAMPUS_TOUR/uiMouseHandler.h" alt="" coords="1248,304,1856,331">
<area shape="rect" href="$ui_h_u_d_8cpp.html" title="C:/Users/Kat/Documents/PROJECTS/ICT290/2015shayLearyALL/CAMPUS_TOUR/uiHUD.cpp" alt="" coords="2475,304,3040,331">
<area shape="rect" href="$ui_mouse_handler_8cpp.html" title="C:/Users/Kat/Documents/PROJECTS/ICT290/2015shayLearyALL/CAMPUS_TOUR/uiMouseHandler.cpp" alt="" coords="1241,379,1863,405">
<area shape="rect" href="$ui_menu_8cpp.html" title="C:/Users/Kat/Documents/PROJECTS/ICT290/2015shayLearyALL/CAMPUS_TOUR/uiMenu.cpp" alt="" coords="3064,304,3635,331">
<area shape="rect" href="$ui_options_8cpp.html" title="C:/Users/Kat/Documents/PROJECTS/ICT290/2015shayLearyALL/CAMPUS_TOUR/uiOptions.cpp" alt="" coords="5,304,589,331">
<area shape="rect" href="$ui_leader_board_8cpp.html" title="C:/Users/Kat/Documents/PROJECTS/ICT290/2015shayLearyALL/CAMPUS_TOUR/uiLeaderBoard.cpp" alt="" coords="613,304,1224,331">
<area shape="rect" href="$ui_score_8cpp.html" title="C:/Users/Kat/Documents/PROJECTS/ICT290/2015shayLearyALL/CAMPUS_TOUR/uiScore.cpp" alt="" coords="1880,304,2451,331">
