<area shape="rect" href="$collision_8h.html" title="collision.h" alt="" coords="192,80,272,107">
<area shape="rect" href="$camera_map_8h.html" title="cameraMap.h" alt="" coords="440,80,539,107">
<area shape="rect" href="$_plain_linked_list_8h.html" title="PlainLinkedList.h" alt="" coords="296,80,416,107">
<area shape="rect" href="$_easy_sound_8h.html" title="EasySound.h" alt="" coords="584,80,683,107">
<area shape="rect" href="$_a_a_b_b_8_h.html" title="AABB.h" alt="" coords="220,155,287,181">
<area shape="rect" href="$_a_a_b_b_linked_list_8h.html" title="AABBLinkedList.h" alt="" coords="68,155,196,181">
<area shape="rect" href="$_a_a_b_b_node_8h.html" title="AABBNode.h" alt="" coords="5,229,104,256">
<area shape="rect" href="$_plain_node_8h.html" title="PlainNode.h" alt="" coords="311,155,401,181">
<area shape="rect" href="$_sound_8h.html" title="Sound.h" alt="" coords="712,155,781,181">
<area shape="rect" href="$_sound_time_8h.html" title="SoundTime.h" alt="" coords="735,229,831,256">
