<area shape="rect" href="$camera_8h.html" title="Camera.h" alt="" coords="471,80,548,107">
<area shape="rect" href="$collision_8h.html" title="collision.h" alt="" coords="356,155,436,181">
<area shape="rect" href="$camera_map_8h.html" title="cameraMap.h" alt="" coords="460,155,559,181">
<area shape="rect" href="$_plain_linked_list_8h.html" title="PlainLinkedList.h" alt="" coords="593,155,713,181">
<area shape="rect" href="$_easy_sound_8h.html" title="EasySound.h" alt="" coords="124,155,223,181">
<area shape="rect" href="$_a_a_b_b_8_h.html" title="AABB.h" alt="" coords="531,229,597,256">
<area shape="rect" href="$_a_a_b_b_linked_list_8h.html" title="AABBLinkedList.h" alt="" coords="325,229,453,256">
<area shape="rect" href="$_a_a_b_b_node_8h.html" title="AABBNode.h" alt="" coords="304,304,403,331">
<area shape="rect" href="$_plain_node_8h.html" title="PlainNode.h" alt="" coords="625,229,716,256">
<area shape="rect" href="$_sound_8h.html" title="Sound.h" alt="" coords="32,229,101,256">
<area shape="rect" href="$_sound_time_8h.html" title="SoundTime.h" alt="" coords="87,304,183,331">
