<area shape="rect" href="$classui_score.html#4d6bf1c3f6bfb7df2cfe017c7669a685" title="Displays visual elements of this UI." alt="" coords="203,20,363,47">
<area shape="rect" href="$classui_score.html#c84055d76812de4e2c8212f94949c34c" title="sets string of intials for this score from ints" alt="" coords="219,71,347,97">
<area shape="rect" href="$main_8cpp.html#5d3fb9b91b5c167b70a1a0557e67f271" title="Display" alt="" coords="459,20,523,47">
<area shape="rect" href="$main_8cpp.html#3c04138a5bfe5d72780bb7e82a18e627" title="main" alt="" coords="892,8,940,35">
<area shape="rect" href="$main_8cpp.html#d98e38d016ad1258ee8592beffa21c93" title="mouseMove" alt="" coords="631,20,721,47">
<area shape="rect" href="$classui_score.html#f6d8c6f29e3f30cc1c987c0f80b4015f" title="Function operation of mouse in this setting." alt="" coords="412,71,569,97">
<area shape="rect" href="$ui_mouse_handler_8h.html#4a70d1236a316c9a5e80e340ec6f6c0e" title="Evaluates situation, if particular UI is displayed passes click &amp; coords to that..." alt="" coords="619,71,733,97">
<area shape="rect" href="$main_8cpp.html#9f40c74c3dfe5c0f35d51e5160eeeab6" title="Mouse" alt="" coords="783,45,841,72">
