<area shape="rect" href="$class_a_a_b_b_linked_list.html#0dda8d1e7b9d5a2721b518d03b141664" title="AABBLinkedList::AddToStart" alt="" coords="239,81,428,108">
<area shape="rect" href="$class_collision.html#54a4c7409f13ac040768d41422e796de" title="Collision::GetAABBMaxX" alt="" coords="249,157,417,184">
<area shape="rect" href="$class_collision.html#a3dcbca1a59ada6f1140ce68ffaf4e24" title="Collision::GetAABBMaxY" alt="" coords="249,208,417,235">
<area shape="rect" href="$class_collision.html#cc43c167003e4a0b9acbd3cd115bb63e" title="Collision::GetAABBMaxZ" alt="" coords="249,259,417,285">
<area shape="rect" href="$class_collision.html#5cf3d3f10e3f24128a6b410c5a34ffa7" title="Collision::GetAABBMinX" alt="" coords="252,309,415,336">
<area shape="rect" href="$class_collision.html#3e246319658fd5a998798ca6b31d3928" title="Collision::GetAABBMinY" alt="" coords="251,360,416,387">
<area shape="rect" href="$class_collision.html#30a4c5b51585ee4ea10d6b7a7a7b2539" title="Collision::GetAABBMinZ" alt="" coords="252,411,415,437">
<area shape="rect" href="$class_collision.html#ffd6aa970fc603b44dab681f551baef1" title="Collision::GetNoBoundingBoxes" alt="" coords="231,461,436,488">
<area shape="rect" href="$class_a_a_b_b.html#1c8a263cbd356446535e88b521eab3d5" title="AABB::~AABB" alt="" coords="279,512,388,539">
<area shape="rect" href="$class_a_a_b_b_node.html#eba066c64653e3a9d73e0b617a8b844c" title="AABBNode::GetNext" alt="" coords="511,5,655,32">
<area shape="rect" href="$class_a_a_b_b_node.html#43c049985e68d0d7443dc7ba11c71979" title="AABBNode::SetData" alt="" coords="512,56,653,83">
<area shape="rect" href="$class_a_a_b_b_node.html#2d624ad9c1241156af7a4dd96cbcd40f" title="AABBNode::SetNext" alt="" coords="512,107,653,133">
<area shape="rect" href="$class_a_a_b_b.html#96d56ed1be5ba2a151b82c508d9149a2" title="AABB::GetMaxX" alt="" coords="524,157,641,184">
<area shape="rect" href="$class_a_a_b_b.html#1e4dc54e528b14528968b6aa9e347eea" title="AABB::GetMaxY" alt="" coords="523,208,643,235">
<area shape="rect" href="$class_a_a_b_b.html#8f39211bf0b803194058797bcb06450c" title="AABB::GetMaxZ" alt="" coords="524,259,641,285">
<area shape="rect" href="$class_a_a_b_b.html#54aa8d1616469816102925c93cd7c195" title="AABB::GetMinX" alt="" coords="525,309,640,336">
<area shape="rect" href="$class_a_a_b_b.html#1177a0ebf40f7f3545f834f99c73c0f6" title="AABB::GetMinY" alt="" coords="525,360,640,387">
<area shape="rect" href="$class_a_a_b_b.html#aa4d9cd90b1f8890b9c678a2d33fb693" title="AABB::GetMinZ" alt="" coords="525,411,640,437">
<area shape="rect" href="$class_a_a_b_b.html#65be20483d52ea207e9569244c5fb1c4" title="AABB::GetNoBoundingBoxes" alt="" coords="487,461,679,488">
<area shape="rect" href="$class_a_a_b_b.html#0c8c0d63af1044663eb095c43b53e1a6" title="AABB::ClearBB" alt="" coords="527,512,639,539">
