<area shape="rect" href="$main_8cpp.html#5d3fb9b91b5c167b70a1a0557e67f271" title="Display" alt="" coords="661,385,725,412">
<area shape="rect" href="$main_8cpp.html#5828243a546dac120bbeb4679ac4d828" title="keys" alt="" coords="669,259,717,285">
<area shape="rect" href="$classui_h_u_d.html#00c2250b028a553c2a5baeb3b177cac4" title="Function operation of mouse in this setting." alt="" coords="201,56,345,83">
<area shape="rect" href="$classui_leader_board.html#0f6d589f68b5b639815839841c862a37" title="Function operation of mouse in this setting." alt="" coords="156,107,391,133">
<area shape="rect" href="$classui_menu.html#6ed8d58288ae57fc3b0bfba5c6745deb" title="Function operation of mouse in this setting." alt="" coords="196,157,351,184">
<area shape="rect" href="$classui_options.html#c96666eff0cec644e1ef7af837d24b48" title="Function operation of mouse in this setting." alt="" coords="184,208,363,235">
<area shape="rect" href="$classui_score.html#f6d8c6f29e3f30cc1c987c0f80b4015f" title="Function operation of mouse in this setting." alt="" coords="195,5,352,32">
<area shape="rect" href="$main_8cpp.html#ae772e42b9e895cd17956f663e096440" title="OpenSlidingDoor" alt="" coords="468,512,585,539">
<area shape="rect" href="$class_camera.html#62b9c31a39202f116f3b9fd774ef42e3" title="Camera::SetPlains" alt="" coords="208,411,339,437">
<area shape="rect" href="$main_8cpp.html#4da4989065b4b5e6437f39ba5fa3bb2b" title="TeleportToPlanets" alt="" coords="211,461,336,488">
<area shape="rect" href="$main_8cpp.html#d474d1c93896c15f9c9eab34e508024e" title="UpdateBalls" alt="" coords="481,360,572,387">
<area shape="rect" href="$main_8cpp.html#3c04138a5bfe5d72780bb7e82a18e627" title="main" alt="" coords="795,259,843,285">
<area shape="rect" href="$main_8cpp.html#d98e38d016ad1258ee8592beffa21c93" title="mouseMove" alt="" coords="773,385,864,412">
<area shape="rect" href="$ui_mouse_handler_8h.html#4a70d1236a316c9a5e80e340ec6f6c0e" title="Evaluates situation, if particular UI is displayed passes click &amp; coords to that..." alt="" coords="469,132,584,159">
<area shape="rect" href="$main_8cpp.html#9f40c74c3dfe5c0f35d51e5160eeeab6" title="Mouse" alt="" coords="664,183,723,209">
<area shape="rect" href="$main_8cpp.html#dbb27b78ad978f939e870f72c76016a7" title="CheckLocationForTeleport" alt="" coords="441,461,612,488">
