<area shape="rect" href="$class_collision.html#30554164f1f1501dc707bcec81e3fd34" title="Collision::CreateLinkedList" alt="" coords="259,309,435,336">
<area shape="rect" href="$class_a_a_b_b_linked_list.html#0dda8d1e7b9d5a2721b518d03b141664" title="AABBLinkedList::AddToStart" alt="" coords="492,81,681,108">
<area shape="rect" href="$class_collision.html#54a4c7409f13ac040768d41422e796de" title="Collision::GetAABBMaxX" alt="" coords="503,157,671,184">
<area shape="rect" href="$class_collision.html#a3dcbca1a59ada6f1140ce68ffaf4e24" title="Collision::GetAABBMaxY" alt="" coords="503,208,671,235">
<area shape="rect" href="$class_collision.html#cc43c167003e4a0b9acbd3cd115bb63e" title="Collision::GetAABBMaxZ" alt="" coords="503,259,671,285">
<area shape="rect" href="$class_collision.html#5cf3d3f10e3f24128a6b410c5a34ffa7" title="Collision::GetAABBMinX" alt="" coords="505,309,668,336">
<area shape="rect" href="$class_collision.html#3e246319658fd5a998798ca6b31d3928" title="Collision::GetAABBMinY" alt="" coords="504,360,669,387">
<area shape="rect" href="$class_collision.html#30a4c5b51585ee4ea10d6b7a7a7b2539" title="Collision::GetAABBMinZ" alt="" coords="505,411,668,437">
<area shape="rect" href="$class_collision.html#ffd6aa970fc603b44dab681f551baef1" title="Collision::GetNoBoundingBoxes" alt="" coords="484,461,689,488">
<area shape="rect" href="$class_a_a_b_b.html#1c8a263cbd356446535e88b521eab3d5" title="AABB::~AABB" alt="" coords="532,512,641,539">
<area shape="rect" href="$class_a_a_b_b_node.html#eba066c64653e3a9d73e0b617a8b844c" title="AABBNode::GetNext" alt="" coords="764,5,908,32">
<area shape="rect" href="$class_a_a_b_b_node.html#43c049985e68d0d7443dc7ba11c71979" title="AABBNode::SetData" alt="" coords="765,56,907,83">
<area shape="rect" href="$class_a_a_b_b_node.html#2d624ad9c1241156af7a4dd96cbcd40f" title="AABBNode::SetNext" alt="" coords="765,107,907,133">
<area shape="rect" href="$class_a_a_b_b.html#96d56ed1be5ba2a151b82c508d9149a2" title="AABB::GetMaxX" alt="" coords="777,157,895,184">
<area shape="rect" href="$class_a_a_b_b.html#1e4dc54e528b14528968b6aa9e347eea" title="AABB::GetMaxY" alt="" coords="776,208,896,235">
<area shape="rect" href="$class_a_a_b_b.html#8f39211bf0b803194058797bcb06450c" title="AABB::GetMaxZ" alt="" coords="777,259,895,285">
<area shape="rect" href="$class_a_a_b_b.html#54aa8d1616469816102925c93cd7c195" title="AABB::GetMinX" alt="" coords="779,309,893,336">
<area shape="rect" href="$class_a_a_b_b.html#1177a0ebf40f7f3545f834f99c73c0f6" title="AABB::GetMinY" alt="" coords="779,360,893,387">
<area shape="rect" href="$class_a_a_b_b.html#aa4d9cd90b1f8890b9c678a2d33fb693" title="AABB::GetMinZ" alt="" coords="779,411,893,437">
<area shape="rect" href="$class_a_a_b_b.html#65be20483d52ea207e9569244c5fb1c4" title="AABB::GetNoBoundingBoxes" alt="" coords="740,461,932,488">
<area shape="rect" href="$class_a_a_b_b.html#0c8c0d63af1044663eb095c43b53e1a6" title="AABB::ClearBB" alt="" coords="780,512,892,539">
