<area shape="rect" href="$class_camera.html#5b5c1468bdb3b8e6e654bea66c9561b8" title="Camera::SetPlains" alt="" coords="237,56,368,83">
<area shape="rect" href="$main_8cpp.html#6cf23cd46360f21b30b53b359d9d297f" title="CreatePlains" alt="" coords="429,5,525,32">
<area shape="rect" href="$class_camera.html#cc808e653e9c59f0d2450c9caca26b98" title="Camera::MoveFB" alt="" coords="417,56,537,83">
<area shape="rect" href="$class_camera.html#d53c2248f2d38bc8f01ac288e8cc21d3" title="Camera::MoveLR" alt="" coords="417,107,537,133">
<area shape="rect" href="$main_8cpp.html#8264fa9a7444ab4805520c3d018b6623" title="myinit" alt="" coords="796,5,852,32">
<area shape="rect" href="$main_8cpp.html#3c04138a5bfe5d72780bb7e82a18e627" title="main" alt="" coords="925,5,973,32">
<area shape="rect" href="$class_camera.html#5757577b0e11b8722bf251ee086eef1d" title="Camera::CheckCamera" alt="" coords="588,56,743,83">
<area shape="rect" href="$main_8cpp.html#5d3fb9b91b5c167b70a1a0557e67f271" title="Display" alt="" coords="792,56,856,83">
<area shape="rect" href="$main_8cpp.html#d98e38d016ad1258ee8592beffa21c93" title="mouseMove" alt="" coords="904,56,995,83">
