<area shape="rect" href="$class_a_a_b_b_linked_list.html#0dda8d1e7b9d5a2721b518d03b141664" title="AABBLinkedList::AddToStart" alt="" coords="197,5,387,32">
<area shape="rect" href="$class_a_a_b_b_linked_list.html#a4e4c62a0b374cafb85f5f41a9d31553" title="AABBLinkedList::Delete" alt="" coords="212,56,372,83">
<area shape="rect" href="$class_collision.html#30554164f1f1501dc707bcec81e3fd34" title="Collision::CreateLinkedList" alt="" coords="435,5,611,32">
<area shape="rect" href="$class_camera.html#f39ed792820436b916a4d6110413423f" title="Camera::InitiateBoundingBoxes" alt="" coords="672,5,875,32">
<area shape="rect" href="$main_8cpp.html#8264fa9a7444ab4805520c3d018b6623" title="myinit" alt="" coords="936,5,992,32">
<area shape="rect" href="$main_8cpp.html#3c04138a5bfe5d72780bb7e82a18e627" title="main" alt="" coords="1041,5,1089,32">
<area shape="rect" href="$class_a_a_b_b_linked_list.html#91220ba141deab9a3da2ec7ca6396436" title="AABBLinkedList::Clear" alt="" coords="445,56,600,83">
<area shape="rect" href="$class_a_a_b_b_linked_list.html#045b677f4cceafb09d188e7a08f5e065" title="AABBLinkedList::~AABBLinkedList" alt="" coords="660,56,887,83">
