<area shape="rect" href="$class_camera.html#01f94c3543f56ede7af49dc778f19331" title="Camera::Camera" alt="" coords="277,5,397,32">
<area shape="rect" href="$classui_h_u_d.html#00c2250b028a553c2a5baeb3b177cac4" title="Function operation of mouse in this setting." alt="" coords="265,56,409,83">
<area shape="rect" href="$classui_leader_board.html#0f6d589f68b5b639815839841c862a37" title="Function operation of mouse in this setting." alt="" coords="220,107,455,133">
<area shape="rect" href="$classui_menu.html#6ed8d58288ae57fc3b0bfba5c6745deb" title="Function operation of mouse in this setting." alt="" coords="260,157,415,184">
<area shape="rect" href="$classui_options.html#c96666eff0cec644e1ef7af837d24b48" title="Function operation of mouse in this setting." alt="" coords="248,208,427,235">
<area shape="rect" href="$classui_score.html#f6d8c6f29e3f30cc1c987c0f80b4015f" title="Function operation of mouse in this setting." alt="" coords="259,259,416,285">
<area shape="rect" href="$main_8cpp.html#8264fa9a7444ab4805520c3d018b6623" title="myinit" alt="" coords="533,277,589,304">
<area shape="rect" href="$ui_mouse_handler_8h.html#4a70d1236a316c9a5e80e340ec6f6c0e" title="Evaluates situation, if particular UI is displayed passes click &amp; coords to that..." alt="" coords="504,183,619,209">
<area shape="rect" href="$main_8cpp.html#9f40c74c3dfe5c0f35d51e5160eeeab6" title="Mouse" alt="" coords="668,208,727,235">
<area shape="rect" href="$main_8cpp.html#3c04138a5bfe5d72780bb7e82a18e627" title="main" alt="" coords="777,240,825,267">
