<area shape="rect" href="$class_c_easy_sound.html" title="CEasySound" alt="" coords="5,432,101,459">
<area shape="rect" href="$class_plain_linked_list.html" title="PlainLinkedList" alt="" coords="205,432,315,459">
<area shape="rect" href="$class_plain_node.html" title="PlainNode" alt="" coords="163,309,243,336">
<area shape="rect" href="$class_collision.html" title="Collision" alt="" coords="339,432,408,459">
<area shape="rect" href="$class_a_a_b_b.html" title="AABB" alt="" coords="333,309,389,336">
<area shape="rect" href="$struct_a_a_b_b_1_1_bounding_box.html" title="AABB::BoundingBox" alt="" coords="272,219,413,245">
<area shape="rect" href="$struct_a_a_b_b_1_1_x_y_z.html" title="AABB::XYZ" alt="" coords="295,112,383,139">
<area shape="rect" href="$class_a_a_b_b_linked_list.html" title="AABBLinkedList" alt="" coords="413,309,528,336">
<area shape="rect" href="$class_a_a_b_b_node.html" title="AABBNode" alt="" coords="444,219,532,245">
<area shape="rect" href="$struct_a_a_b_b_node_1_1_bounding_box.html" title="AABBNode::BoundingBox" alt="" coords="407,112,577,139">
<area shape="rect" href="$struct_a_a_b_b_node_1_1_x_y_z.html" title="AABBNode::XYZ" alt="" coords="433,5,551,32">
<area shape="rect" href="$class_camera_map.html" title="CameraMap" alt="" coords="432,432,523,459">
<area shape="rect" href="$class_c_sound.html" title="CSound" alt="" coords="560,432,627,459">
<area shape="rect" href="$class_c_sound_time.html" title="CSoundTime" alt="" coords="552,309,648,336">
