<area shape="rect" href="$class_a_a_b_b_linked_list.html#0dda8d1e7b9d5a2721b518d03b141664" title="AABBLinkedList::AddToStart" alt="" coords="197,5,387,32">
<area shape="rect" href="$class_a_a_b_b_linked_list.html#91220ba141deab9a3da2ec7ca6396436" title="AABBLinkedList::Clear" alt="" coords="445,81,600,108">
<area shape="rect" href="$class_a_a_b_b_linked_list.html#a4e4c62a0b374cafb85f5f41a9d31553" title="AABBLinkedList::Delete" alt="" coords="212,107,372,133">
<area shape="rect" href="$class_a_a_b_b_linked_list.html#8e5dfc22a5b09a5439c7d48c777f21b6" title="AABBLinkedList::GetMaxX" alt="" coords="204,157,380,184">
<area shape="rect" href="$class_a_a_b_b_linked_list.html#06e37c604e86a670fc6657aac7ada31b" title="AABBLinkedList::GetMaxY" alt="" coords="203,208,381,235">
<area shape="rect" href="$class_a_a_b_b_linked_list.html#f728cb9e63fe37667356ec4a74d9bb09" title="AABBLinkedList::GetMaxZ" alt="" coords="204,259,380,285">
<area shape="rect" href="$class_a_a_b_b_linked_list.html#01b738ef73d102240bc9bd54044c2a46" title="AABBLinkedList::GetMinX" alt="" coords="205,309,379,336">
<area shape="rect" href="$class_a_a_b_b_linked_list.html#a59cbdbfb2012f733010283639a27584" title="AABBLinkedList::GetMinY" alt="" coords="204,360,380,387">
<area shape="rect" href="$class_a_a_b_b_linked_list.html#93270a86be1d2f63aca450f7ef39d130" title="AABBLinkedList::GetMinZ" alt="" coords="205,411,379,437">
<area shape="rect" href="$class_a_a_b_b_linked_list.html#8843e719c2db1f73087fe772a39fa1af" title="AABBLinkedList::GetNext" alt="" coords="207,461,377,488">
<area shape="rect" href="$class_a_a_b_b_linked_list.html#9466a3aaffb597d9976259726b44463a" title="AABBLinkedList::SetData" alt="" coords="207,512,377,539">
<area shape="rect" href="$class_collision.html#30554164f1f1501dc707bcec81e3fd34" title="Collision::CreateLinkedList" alt="" coords="435,5,611,32">
<area shape="rect" href="$class_camera.html#f39ed792820436b916a4d6110413423f" title="Camera::InitiateBoundingBoxes" alt="" coords="672,5,875,32">
<area shape="rect" href="$main_8cpp.html#8264fa9a7444ab4805520c3d018b6623" title="myinit" alt="" coords="936,5,992,32">
<area shape="rect" href="$main_8cpp.html#3c04138a5bfe5d72780bb7e82a18e627" title="main" alt="" coords="1041,5,1089,32">
<area shape="rect" href="$class_a_a_b_b_linked_list.html#045b677f4cceafb09d188e7a08f5e065" title="AABBLinkedList::~AABBLinkedList" alt="" coords="660,81,887,108">
