<area shape="rect" href="$class_plain_linked_list.html#4d9d62421c215a3c9e2c9ef0833b84a1" title="PlainLinkedList::AddToStart" alt="" coords="191,56,372,83">
<area shape="rect" href="$class_plain_linked_list.html#836472749021aa66632a7adb79f210a2" title="PlainLinkedList::Clear" alt="" coords="423,157,569,184">
<area shape="rect" href="$class_plain_linked_list.html#f7efedb06f304d6d886a8817a83988d7" title="PlainLinkedList::Delete" alt="" coords="204,157,359,184">
<area shape="rect" href="$class_plain_linked_list.html#5dfca19e3a7696030fb8c556c8534ff3" title="PlainLinkedList::GetNext" alt="" coords="199,208,364,235">
<area shape="rect" href="$class_plain_linked_list.html#d10e61ef1f9a9479b7b64d396e4e34cc" title="PlainLinkedList::GetType" alt="" coords="199,259,364,285">
<area shape="rect" href="$class_plain_linked_list.html#ca26ded8e3d474096f32ccf8c3b2157f" title="PlainLinkedList::GetXend" alt="" coords="199,309,364,336">
<area shape="rect" href="$class_plain_linked_list.html#2085c878239f34eb9a17822756c39461" title="PlainLinkedList::GetXstart" alt="" coords="196,360,367,387">
<area shape="rect" href="$class_plain_linked_list.html#82ff501e86ac795549d28067ae70441b" title="PlainLinkedList::GetYend" alt="" coords="197,411,365,437">
<area shape="rect" href="$class_plain_linked_list.html#d0b9f3d62cc92f26ec919c3bde7fdd22" title="PlainLinkedList::GetYstart" alt="" coords="195,461,368,488">
<area shape="rect" href="$class_plain_linked_list.html#f5801f80f8cac4465eadfd0bec88704c" title="PlainLinkedList::GetZend" alt="" coords="199,512,364,539">
<area shape="rect" href="$class_plain_linked_list.html#597babac3511eca108443d88d0b0cbf8" title="PlainLinkedList::GetZstart" alt="" coords="196,563,367,589">
<area shape="rect" href="$class_plain_linked_list.html#cc66c25c1c1bb911b7cdb22da14cb6de" title="PlainLinkedList::SetData" alt="" coords="200,613,363,640">
<area shape="rect" href="$class_camera.html#5b5c1468bdb3b8e6e654bea66c9561b8" title="Camera::SetPlains" alt="" coords="431,56,561,83">
<area shape="rect" href="$main_8cpp.html#6cf23cd46360f21b30b53b359d9d297f" title="CreatePlains" alt="" coords="677,5,773,32">
<area shape="rect" href="$class_camera.html#cc808e653e9c59f0d2450c9caca26b98" title="Camera::MoveFB" alt="" coords="665,56,785,83">
<area shape="rect" href="$class_camera.html#d53c2248f2d38bc8f01ac288e8cc21d3" title="Camera::MoveLR" alt="" coords="665,107,785,133">
<area shape="rect" href="$main_8cpp.html#8264fa9a7444ab4805520c3d018b6623" title="myinit" alt="" coords="1089,5,1145,32">
<area shape="rect" href="$main_8cpp.html#3c04138a5bfe5d72780bb7e82a18e627" title="main" alt="" coords="1219,5,1267,32">
<area shape="rect" href="$class_camera.html#5757577b0e11b8722bf251ee086eef1d" title="Camera::CheckCamera" alt="" coords="881,56,1036,83">
<area shape="rect" href="$main_8cpp.html#5d3fb9b91b5c167b70a1a0557e67f271" title="Display" alt="" coords="1085,56,1149,83">
<area shape="rect" href="$main_8cpp.html#d98e38d016ad1258ee8592beffa21c93" title="mouseMove" alt="" coords="1197,56,1288,83">
<area shape="rect" href="$class_plain_linked_list.html#9b11aabf026e1d65cbf16e854ff46533" title="PlainLinkedList::~PlainLinkedList" alt="" coords="619,157,832,184">
<area shape="rect" href="$class_camera.html#62b9c31a39202f116f3b9fd774ef42e3" title="Camera::SetPlains" alt="" coords="431,411,561,437">
