<area shape="rect" href="$class_c_easy_sound.html#871478c0717d884846c2a4f528860a5f" title="CEasySound::GetSound" alt="" coords="199,5,361,32">
<area shape="rect" href="$class_c_easy_sound.html#89e74a3e4cf2bd0e72c3bbf6901dcb7c" title="CEasySound::Instance" alt="" coords="203,56,357,83">
<area shape="rect" href="$class_c_easy_sound.html#a1d7ffd4f5c4891a863df85d6136daf1" title="CEasySound::Load" alt="" coords="213,107,347,133">
<area shape="rect" href="$class_c_sound.html#17f9bef660b17787ac312ce02446ac96" title="CSound::Play" alt="" coords="229,157,331,184">
<area shape="rect" href="$class_c_easy_sound.html#4a18c7ef207c8a00470c19f07044f8b6" title="CEasySound::CEasySound" alt="" coords="411,5,592,32">
<area shape="rect" href="$_easy_sound_8cpp.html#cb5aef18dcd112d5e47c746978b6df4d" title="mixaudio" alt="" coords="641,31,713,57">
<area shape="rect" href="$class_c_easy_sound.html#29fc35523c9eedb3b2589f90f27d03f0" title="CEasySound::CallMixAudio" alt="" coords="763,31,944,57">
<area shape="rect" href="$class_c_sound.html#81b39696be6a9aff2aa09f1fed26e750" title="CSound::GetLength" alt="" coords="433,107,569,133">
