<area shape="rect" href="$class_textured_polygons.html#60c92fd32d48dc25bb93badc44ed2d01" title="TexturedPolygons::CreateAngledPolygon" alt="" coords="301,81,560,108">
<area shape="rect" href="$main_8cpp.html#e3621ca1936302aff614561ca3e98ba4" title="DrawExtras" alt="" coords="627,5,715,32">
<area shape="rect" href="$main_8cpp.html#5cfc0e1a6befcb997b31aeb74cff5b24" title="DrawGrass" alt="" coords="628,56,713,83">
<area shape="rect" href="$main_8cpp.html#ae6f0b30873fd5a5ab7e234ac50ef76a" title="DrawLibraryPosts" alt="" coords="609,107,732,133">
<area shape="rect" href="$main_8cpp.html#efaff786dac735e065d19b12f3c7704a" title="DrawStepBricks" alt="" coords="613,157,728,184">
<area shape="rect" href="$main_8cpp.html#0c8e3bf7c765b84b2a66cd9a8fefbe5e" title="CreateTextureList" alt="" coords="783,81,905,108">
<area shape="rect" href="$main_8cpp.html#8264fa9a7444ab4805520c3d018b6623" title="myinit" alt="" coords="955,81,1011,108">
<area shape="rect" href="$main_8cpp.html#3c04138a5bfe5d72780bb7e82a18e627" title="main" alt="" coords="1060,81,1108,108">
