<area shape="rect" href="$global_variable_8cpp.html" title="C:/Users/Kat/Documents/PROJECTS/ICT290/2015shayLearyALL/CAMPUS_TOUR/globalVariable.cpp" alt="" coords="5,80,613,107">
<area shape="rect" href="$main_8cpp.html" title="C:/Users/Kat/Documents/PROJECTS/ICT290/2015shayLearyALL/CAMPUS_TOUR/main.cpp" alt="" coords="831,229,1385,256">
<area shape="rect" href="$ui_mouse_handler_8h.html" title="C:/Users/Kat/Documents/PROJECTS/ICT290/2015shayLearyALL/CAMPUS_TOUR/uiMouseHandler.h" alt="" coords="1872,155,2480,181">
<area shape="rect" href="$main1_8cpp.html" title="C:/Users/Kat/Documents/PROJECTS/ICT290/2015shayLearyALL/CAMPUS_TOUR/main1.cpp" alt="" coords="3292,229,3855,256">
<area shape="rect" href="$ui_h_u_d_8h.html" title="C:/Users/Kat/Documents/PROJECTS/ICT290/2015shayLearyALL/CAMPUS_TOUR/uiHUD.h" alt="" coords="859,80,1411,107">
<area shape="rect" href="$ui_menu_8h.html" title="C:/Users/Kat/Documents/PROJECTS/ICT290/2015shayLearyALL/CAMPUS_TOUR/uiMenu.h" alt="" coords="1435,80,1989,107">
<area shape="rect" href="$ui_options_8h.html" title="C:/Users/Kat/Documents/PROJECTS/ICT290/2015shayLearyALL/CAMPUS_TOUR/uiOptions.h" alt="" coords="2064,80,2632,107">
<area shape="rect" href="$ui_leader_board_8h.html" title="C:/Users/Kat/Documents/PROJECTS/ICT290/2015shayLearyALL/CAMPUS_TOUR/uiLeaderBoard.h" alt="" coords="2656,80,3253,107">
<area shape="rect" href="$ui_score_8h.html" title="C:/Users/Kat/Documents/PROJECTS/ICT290/2015shayLearyALL/CAMPUS_TOUR/uiScore.h" alt="" coords="3277,80,3835,107">
<area shape="rect" href="$ui_mouse_handler_8cpp.html" title="C:/Users/Kat/Documents/PROJECTS/ICT290/2015shayLearyALL/CAMPUS_TOUR/uiMouseHandler.cpp" alt="" coords="1865,229,2487,256">
<area shape="rect" href="$ui_h_u_d_8cpp.html" title="C:/Users/Kat/Documents/PROJECTS/ICT290/2015shayLearyALL/CAMPUS_TOUR/uiHUD.cpp" alt="" coords="688,155,1253,181">
<area shape="rect" href="$ui_menu_8cpp.html" title="C:/Users/Kat/Documents/PROJECTS/ICT290/2015shayLearyALL/CAMPUS_TOUR/uiMenu.cpp" alt="" coords="1277,155,1848,181">
<area shape="rect" href="$ui_options_8cpp.html" title="C:/Users/Kat/Documents/PROJECTS/ICT290/2015shayLearyALL/CAMPUS_TOUR/uiOptions.cpp" alt="" coords="2504,155,3088,181">
<area shape="rect" href="$ui_leader_board_8cpp.html" title="C:/Users/Kat/Documents/PROJECTS/ICT290/2015shayLearyALL/CAMPUS_TOUR/uiLeaderBoard.cpp" alt="" coords="3112,155,3723,181">
<area shape="rect" href="$ui_score_8cpp.html" title="C:/Users/Kat/Documents/PROJECTS/ICT290/2015shayLearyALL/CAMPUS_TOUR/uiScore.cpp" alt="" coords="3747,155,4317,181">
