<area shape="rect" href="$main_8cpp.html#7c1c66ab597e3f223d86e07a98ba9a8c" title="addParticle" alt="" coords="152,112,237,139">
<area shape="rect" href="$class_camera.html#2c82b9713e7cc1fb77130aad72728478" title="Camera::GetFB" alt="" coords="361,11,473,37">
<area shape="rect" href="$class_camera.html#5d71756678367cc9ef6d3186dff7e821" title="Camera::GetLR" alt="" coords="361,61,473,88">
<area shape="rect" href="$class_camera.html#caa842acd09e3a18c409ddc0c89cf808" title="Camera::GetUD" alt="" coords="361,213,473,240">
<area shape="rect" href="$class_camera.html#19d7bf6f171a46abe5b7743c0429ca75" title="Camera::DirectionFB" alt="" coords="124,213,265,240">
<area shape="rect" href="$class_camera.html#7271df5741bcbe72f464729f8d80ad43" title="Camera::DirectionLookUD" alt="" coords="109,264,280,291">
<area shape="rect" href="$class_camera.html#11f6493139834cc9d31a1c28e5effa1a" title="Camera::DirectionLR" alt="" coords="124,315,265,341">
<area shape="rect" href="$class_camera.html#9b7f4a96faa388248f8350c733789688" title="Camera::DirectionRotateLR" alt="" coords="105,365,284,392">
<area shape="rect" href="$class_c_sound.html#17f9bef660b17787ac312ce02446ac96" title="CSound::Play" alt="" coords="144,416,245,443">
<area shape="rect" href="$class_camera.html#86a5a6f374125bb58c6a97ba2d921a64" title="Camera::SetMoveSpeed" alt="" coords="115,467,275,493">
<area shape="rect" href="$class_camera.html#f1b56a7aee4d2b0c38054e05c0553e51" title="Camera::SetRotateSpeed" alt="" coords="111,517,279,544">
<area shape="rect" href="$classui_h_u_d.html#bdc3cb8805e33a3e678dffde58990dd1" title="Setter for setting the current ball count ingame." alt="" coords="348,163,487,189">
<area shape="rect" href="$classui_h_u_d.html#b504be5585aa5f1efced884420251f52" title="setter to generate how many balls are left" alt="" coords="333,112,501,139">
