<area shape="rect" href="$classui_leader_board.html#26efab05c44a8055d30a9d9b7c10912d" title="add score to leaderboard vector" alt="" coords="148,5,353,32">
<area shape="rect" href="$classui_h_u_d.html#b9f79dded0b6341bbdc31544eab483ea" title="function to generate the score" alt="" coords="191,56,311,83">
<area shape="rect" href="$classui_score.html#40950bf3486d7f5b3437f212e393271a" title="returns string of intials for this score" alt="" coords="187,107,315,133">
<area shape="rect" href="$classui_h_u_d.html#c25ac99cca4a7a7b633687d9d50d0c05" title="function to check if the ball is hit a planet" alt="" coords="192,157,309,184">
<area shape="rect" href="$class_c_sound.html#17f9bef660b17787ac312ce02446ac96" title="CSound::Play" alt="" coords="456,183,557,209">
<area shape="rect" href="$main_8cpp.html#4da4989065b4b5e6437f39ba5fa3bb2b" title="TeleportToPlanets" alt="" coords="188,284,313,311">
<area shape="rect" href="$classui_leader_board.html#7ca43f2c3cb2c004a92cdbbd494ba7db" title="sort scores in leaderboard vector, largest score first" alt="" coords="403,5,611,32">
<area shape="rect" href="$classui_h_u_d.html#6dc377760d1608c5c5aee0c5181ad618" title="Getter to calculate the time." alt="" coords="433,56,580,83">
<area shape="rect" href="$class_camera.html#2c82b9713e7cc1fb77130aad72728478" title="Camera::GetFB" alt="" coords="451,233,563,260">
<area shape="rect" href="$class_camera.html#259204729f7a60277c6f6215559adcc0" title="Camera::Position" alt="" coords="447,284,567,311">
<area shape="rect" href="$classui_h_u_d.html#6185531f82dca781041b35e07f2deef4" title="function to reset clock" alt="" coords="443,335,571,361">
<area shape="rect" href="$classui_h_u_d.html#bdc3cb8805e33a3e678dffde58990dd1" title="Setter for setting the current ball count ingame." alt="" coords="437,385,576,412">
<area shape="rect" href="$classui_h_u_d.html#c53791030275ee238fd608cb7e74e19f" title="setter to set the clock to false" alt="" coords="436,436,577,463">
<area shape="rect" href="$class_camera.html#023cb3e9d92301d8132f338c7ef5be77" title="Camera::callGLLookAt" alt="" coords="659,259,811,285">
<area shape="rect" href="$class_camera.html#11d15ac81e6fbe74c1dd09e342be3e9c" title="Camera::ResetXYZ" alt="" coords="669,309,800,336">
