<area shape="rect" href="$class_camera.html#57b68a39284d0c249676a3dba70bac05" title="Camera::SetAABBMaxX" alt="" coords="205,5,368,32">
<area shape="rect" href="$class_camera.html#af211279f0439d31fa1d885f1a630db9" title="Camera::SetAABBMaxZ" alt="" coords="205,56,368,83">
<area shape="rect" href="$class_camera.html#4c0c8094ebcf2c5255e064ebbb7d562c" title="Camera::SetAABBMinX" alt="" coords="208,107,365,133">
<area shape="rect" href="$class_camera.html#e5dfebfe1c8a018fb2ce96803b6f2c49" title="Camera::SetAABBMinZ" alt="" coords="208,157,365,184">
<area shape="rect" href="$class_collision.html#4a48bb981450043e0acf28a94ba374cc" title="Collision::SetAABBMaxX" alt="" coords="417,5,583,32">
<area shape="rect" href="$class_a_a_b_b.html#49aefcac8e9b33ef4508f220d551e9a3" title="AABB::SetMaxX" alt="" coords="632,5,749,32">
<area shape="rect" href="$class_collision.html#9b6fe54f1dda6499340ac58c5ffb6a77" title="Collision::SetAABBMaxZ" alt="" coords="417,56,583,83">
<area shape="rect" href="$class_a_a_b_b.html#3b5c15b7a3330384d08b4ad1a8c87903" title="AABB::SetMaxZ" alt="" coords="632,56,749,83">
<area shape="rect" href="$class_collision.html#d66b32a512b0960655b5ccdbbf801040" title="Collision::SetAABBMinX" alt="" coords="419,107,581,133">
<area shape="rect" href="$class_a_a_b_b.html#38ecdedc213500ce61a1caa9ad0b1468" title="AABB::SetMinX" alt="" coords="635,107,747,133">
<area shape="rect" href="$class_collision.html#b77ba9725bc8b756345869e96cfc3228" title="Collision::SetAABBMinZ" alt="" coords="419,157,581,184">
<area shape="rect" href="$class_a_a_b_b.html#97f330cb047e00b160cee87301b8ac23" title="AABB::SetMinZ" alt="" coords="635,157,747,184">
