<area shape="rect" href="$_o_b_j_loader_8h.html" title="OBJLoader.h" alt="" coords="355,229,451,256">
<area shape="rect" href="$global_variable_8h.html" title="globalVariable.h" alt="" coords="861,304,973,331">
<area shape="rect" href="$ui_mouse_handler_8h.html" title="uiMouseHandler.h" alt="" coords="943,155,1068,181">
<area shape="rect" href="$camera_8h.html" title="camera.h" alt="" coords="1339,80,1413,107">
<area shape="rect" href="$textured_polygons_8h.html" title="texturedPolygons.h" alt="" coords="1891,304,2024,331">
<area shape="rect" href="$ui_h_u_d_8h.html" title="uiHUD.h" alt="" coords="859,229,928,256">
<area shape="rect" href="$ui_menu_8h.html" title="uiMenu.h" alt="" coords="1213,229,1288,256">
<area shape="rect" href="$ui_options_8h.html" title="uiOptions.h" alt="" coords="1003,229,1091,256">
<area shape="rect" href="$ui_leader_board_8h.html" title="uiLeaderBoard.h" alt="" coords="619,229,733,256">
<area shape="rect" href="$ui_score_8h.html" title="uiScore.h" alt="" coords="1115,229,1189,256">
<area shape="rect" href="$_easy_sound_8h.html" title="EasySound.h" alt="" coords="1109,304,1208,331">
<area shape="rect" href="$_sound_8h.html" title="Sound.h" alt="" coords="1001,379,1071,405">
<area shape="rect" href="$_sound_time_8h.html" title="SoundTime.h" alt="" coords="1025,453,1121,480">
<area shape="rect" href="$collision_8h.html" title="collision.h" alt="" coords="1461,155,1541,181">
<area shape="rect" href="$camera_map_8h.html" title="cameraMap.h" alt="" coords="1752,155,1851,181">
<area shape="rect" href="$_plain_linked_list_8h.html" title="PlainLinkedList.h" alt="" coords="1575,155,1695,181">
<area shape="rect" href="$_a_a_b_b_8_h.html" title="AABB.h" alt="" coords="1589,229,1656,256">
<area shape="rect" href="$_a_a_b_b_linked_list_8h.html" title="AABBLinkedList.h" alt="" coords="1437,229,1565,256">
<area shape="rect" href="$_a_a_b_b_node_8h.html" title="AABBNode.h" alt="" coords="1480,304,1579,331">
<area shape="rect" href="$_plain_node_8h.html" title="PlainNode.h" alt="" coords="1680,229,1771,256">
