<area shape="rect" href="$_o_b_j_loader_8h.html" title="OBJLoader.h" alt="" coords="365,229,461,256">
<area shape="rect" href="$global_variable_8h.html" title="globalVariable.h" alt="" coords="873,304,985,331">
<area shape="rect" href="$ui_mouse_handler_8h.html" title="uiMouseHandler.h" alt="" coords="949,155,1075,181">
<area shape="rect" href="$camera_8h.html" title="camera.h" alt="" coords="1345,80,1420,107">
<area shape="rect" href="$textured_polygons_8h.html" title="texturedPolygons.h" alt="" coords="1903,304,2036,331">
<area shape="rect" href="$ui_h_u_d_8h.html" title="uiHUD.h" alt="" coords="865,229,935,256">
<area shape="rect" href="$ui_menu_8h.html" title="uiMenu.h" alt="" coords="1220,229,1295,256">
<area shape="rect" href="$ui_options_8h.html" title="uiOptions.h" alt="" coords="1009,229,1097,256">
<area shape="rect" href="$ui_leader_board_8h.html" title="uiLeaderBoard.h" alt="" coords="625,229,740,256">
<area shape="rect" href="$ui_score_8h.html" title="uiScore.h" alt="" coords="1121,229,1196,256">
<area shape="rect" href="$_easy_sound_8h.html" title="EasySound.h" alt="" coords="1121,304,1220,331">
<area shape="rect" href="$_sound_8h.html" title="Sound.h" alt="" coords="1013,379,1083,405">
<area shape="rect" href="$_sound_time_8h.html" title="SoundTime.h" alt="" coords="1037,453,1133,480">
<area shape="rect" href="$collision_8h.html" title="collision.h" alt="" coords="1473,155,1553,181">
<area shape="rect" href="$camera_map_8h.html" title="cameraMap.h" alt="" coords="1764,155,1863,181">
<area shape="rect" href="$_plain_linked_list_8h.html" title="PlainLinkedList.h" alt="" coords="1587,155,1707,181">
<area shape="rect" href="$_a_a_b_b_8_h.html" title="AABB.h" alt="" coords="1601,229,1668,256">
<area shape="rect" href="$_a_a_b_b_linked_list_8h.html" title="AABBLinkedList.h" alt="" coords="1449,229,1577,256">
<area shape="rect" href="$_a_a_b_b_node_8h.html" title="AABBNode.h" alt="" coords="1492,304,1591,331">
<area shape="rect" href="$_plain_node_8h.html" title="PlainNode.h" alt="" coords="1692,229,1783,256">
