<area shape="rect" href="$main_8cpp.html#a8cd6d1bc96097115cd520cf5aace8aa" title="DisplayAboveWindowBlock" alt="" coords="160,5,339,32">
<area shape="rect" href="$main_8cpp.html#cdbb08ea8e4f244da7667f8d4b446931" title="DisplayBench" alt="" coords="199,56,300,83">
<area shape="rect" href="$main_8cpp.html#eca7ff199326c450f2610dda4db1a383" title="DisplayBricks" alt="" coords="199,107,300,133">
<area shape="rect" href="$main_8cpp.html#3b5a2452d00ece9596afbd73289869df" title="DisplayChancPosts" alt="" coords="181,157,317,184">
<area shape="rect" href="$main_8cpp.html#e920cd83ae83affb74f791fd82d56238" title="DisplayCylinders" alt="" coords="191,208,308,235">
<area shape="rect" href="$main_8cpp.html#9d353f4af09d7249821fea0d2efa0a3e" title="DisplayDoorPaving" alt="" coords="185,259,313,285">
<area shape="rect" href="$main_8cpp.html#ecb18ee4ab174454e9f871580e957f70" title="DisplayDoorPosts" alt="" coords="187,309,312,336">
<area shape="rect" href="$main_8cpp.html#a4f2855878e58e20660a4b465fc6a5e1" title="DisplayEntranceSteps" alt="" coords="175,360,324,387">
<area shape="rect" href="$main_8cpp.html#a5653c56c0532cbed082b5faecfbd4a7" title="DisplayExtras" alt="" coords="199,411,300,437">
<area shape="rect" href="$main_8cpp.html#f367155e48029aa7a2403c4be762dd51" title="DisplayGrass" alt="" coords="200,461,299,488">
<area shape="rect" href="$main_8cpp.html#216b9249fef375124636403c3b1de0a4" title="DisplayLargerTextures" alt="" coords="175,512,324,539">
<area shape="rect" href="$main_8cpp.html#d2d5def0e7f72be3e0fc4c4d4bc04ba2" title="DisplayLibraryPosts" alt="" coords="181,563,317,589">
<area shape="rect" href="$main_8cpp.html#8f6d994eb65c10f5d1b2b6331a73fc5f" title="DisplayLights" alt="" coords="200,613,299,640">
<area shape="rect" href="$main_8cpp.html#188a1af620512db79422a43f11b554c2" title="DisplayMainPosts" alt="" coords="187,664,312,691">
<area shape="rect" href="$main_8cpp.html#22a8ade3e5566ca3e55b429db32d5698" title="DisplayPavement" alt="" coords="189,715,309,741">
<area shape="rect" href="$main_8cpp.html#ddee97da245df1d8036ff2fa6722dbcb" title="DisplayPhysSciPosts" alt="" coords="176,765,323,792">
<area shape="rect" href="$main_8cpp.html#d0283b8d5685a55c308e48a4f4438f33" title="DisplayPurplePosts" alt="" coords="181,816,317,843">
<area shape="rect" href="$main_8cpp.html#bf4857443bedfa39dadaa43d3fe1b8f1" title="DisplayRedPosts" alt="" coords="189,867,309,893">
<area shape="rect" href="$main_8cpp.html#7e15fa0ab8f5cd3e2caac9722fad9c9e" title="DisplayRoof" alt="" coords="204,917,295,944">
<area shape="rect" href="$main_8cpp.html#933055b1e041a63674f3cae2d905c981" title="DisplayStepBricks" alt="" coords="185,968,313,995">
<area shape="rect" href="$class_textured_polygons.html#f6694e3cbea65de23f5dcfab77a48b99" title="TexturedPolygons::GetTexture" alt="" coords="387,487,584,513">
