<area shape="rect" href="$class_textured_polygons.html#60c92fd32d48dc25bb93badc44ed2d01" title="TexturedPolygons::CreateAngledPolygon" alt="" coords="179,19,437,45">
<area shape="rect" href="$class_textured_polygons.html#4b21cfdd9a38b6026bc1f0e8bd2455a1" title="TexturedPolygons::CreateDisplayList" alt="" coords="191,95,425,121">
<area shape="rect" href="$class_textured_polygons.html#dc5387d4097428836d56ea8b3f66e61d" title="TexturedPolygons::CreateTextureScale" alt="" coords="493,5,741,32">
<area shape="rect" href="$class_textured_polygons.html#037ef33a71ce33954a49b378b3aad197" title="TexturedPolygons::CreateXtoYTextureList" alt="" coords="487,56,748,83">
<area shape="rect" href="$class_textured_polygons.html#fcc97491bf1cbbe22e91bc7e4c476ac3" title="TexturedPolygons::CreateXtoZTextureList" alt="" coords="488,107,747,133">
<area shape="rect" href="$class_textured_polygons.html#d5beba21ad65ebbd1c8228924b56e49b" title="TexturedPolygons::CreateYtoZTextureList" alt="" coords="487,157,748,184">
